  seed 1/20 done (7.0s)  z@B1000=+1.840
  seed 2/20 done (7.1s)  z@B1000=+1.932
  seed 3/20 done (7.2s)  z@B1000=+1.854
  seed 4/20 done (7.4s)  z@B1000=+1.943
  seed 5/20 done (7.4s)  z@B1000=+1.832
  seed 6/20 done (7.3s)  z@B1000=+1.818
  seed 7/20 done (7.2s)  z@B1000=+1.903
  seed 8/20 done (7.2s)  z@B1000=+1.867
  seed 9/20 done (7.1s)  z@B1000=+1.790
  seed 10/20 done (7.4s)  z@B1000=+2.018
  seed 11/20 done (7.3s)  z@B1000=+1.792
  seed 12/20 done (7.2s)  z@B1000=+1.780
  seed 13/20 done (7.1s)  z@B1000=+1.830
  seed 14/20 done (7.1s)  z@B1000=+1.837
  seed 15/20 done (7.1s)  z@B1000=+1.814
  seed 16/20 done (7.1s)  z@B1000=+1.941
  seed 17/20 done (7.3s)  z@B1000=+1.902
  seed 18/20 done (7.2s)  z@B1000=+1.874
  seed 19/20 done (7.3s)  z@B1000=+1.876
  seed 20/20 done (7.5s)  z@B1000=+1.875
[Q146] syms=15 missing=[] seeds=20 B_LIST=[20, 50, 100, 200, 500, 1000] smoke=False elapsed=144.6s  t_obs=-0.332
  B=   20  z̄=+2.026  SD(z)=0.462  理論=0.370  比=1.25  SD(q975)=0.414  time=0.1s
  B=   50  z̄=+1.911  SD(z)=0.196  理論=0.234  比=0.84  SD(q975)=0.277  time=0.4s
  B=  100  z̄=+1.877  SD(z)=0.139  理論=0.166  比=0.84  SD(q975)=0.169  time=0.7s
  B=  200  z̄=+1.874  SD(z)=0.107  理論=0.117  比=0.92  SD(q975)=0.183  time=1.4s
  B=  500  z̄=+1.867  SD(z)=0.069  理論=0.074  比=0.94  SD(q975)=0.090  time=3.6s
  B= 1000  z̄=+1.866  SD(z)=0.061  理論=0.052  比=1.16  SD(q975)=0.081  time=7.2s
  判定(機械): 500 SD(z)<0.1 になる最小の B | B=500 の SD(z) は 0.2 未満
  JSON: /sessions/rcw-01sksntpbaxmj7cckjt2efjm/mnt/ワークスペース/検証/verification-lab/financial-engineering/permutation-null-stability/results/Q146_result_20261009_093020.json
